<html>
<body>
<pre>
<h1>µVision Build Log</h1>
<h2>Tool Versions:</h2>
IDE-Version: µVision V5.23.0.0
Copyright (C) 2017 ARM Ltd and ARM Germany GmbH. All rights reserved.
License Information: Marko Car, Faculty of electrical engineering and computing, LIC=X962Z-JEZ72-ZWY2V-PD2RM-SE4B2-BLHL5
 
Tool Versions:
Toolchain:       MDK-ARM Plus  Version: 5.23
Toolchain Path:  C:\Keil_v5\ARM\ARMCC\Bin
C Compiler:      Armcc.exe V5.06 update 4 (build 422)
Assembler:       Armasm.exe V5.06 update 4 (build 422)
Linker/Locator:  ArmLink.exe V5.06 update 4 (build 422)
Library Manager: ArmAr.exe V5.06 update 4 (build 422)
Hex Converter:   FromElf.exe V5.06 update 4 (build 422)
CPU DLL:         SARMCM3.DLL V5.23
Dialog DLL:      DCM.DLL V1.15.0.0
Target DLL:      STLink\ST-LINKIII-KEIL_SWO.dll V2.0.18.0
Dialog DLL:      TCM.DLL V1.27.0.0
 
<h2>Project:</h2>
C:\Users\Marko\Documents\Development\morus_fuel_sensor\MDK-ARM\morus_fuel_sensor.uvprojx
Project File Date:  05/22/2017

<h2>Output:</h2>
*** Using Compiler 'V5.06 update 4 (build 422)', folder: 'C:\Keil_v5\ARM\ARMCC\Bin'
*** Warning: Using Microlib and C++ file(s) might cause the linker to fail !
  
Rebuild target 'morus_fuel_sensor'
Before Build - User command #1: python ..\libuavcan\libuavcan\dsdl_compiler\libuavcan_dsdlc ../libuavcan/dsdl/uavcan ../morus_uavcan_msgs -I../libuavcan/dsdl/uavcan -O ../dsdlc_generated
compiling croutine.c...
compiling list.c...
compiling heap_4.c...
compiling event_groups.c...
compiling queue.c...
compiling timers.c...
compiling cmsis_os.c...
compiling tasks.c...
compiling port.c...
compiling stm32f3xx_hal_gpio.c...
compiling stm32f3xx_hal_pwr_ex.c...
compiling stm32f3xx_hal_flash.c...
compiling stm32f3xx_hal_tim_ex.c...
compiling stm32f3xx_hal_i2c_ex.c...
compiling stm32f3xx_hal_cortex.c...
compiling stm32f3xx_hal_i2c.c...
compiling stm32f3xx_hal.c...
compiling stm32f3xx_hal_flash_ex.c...
compiling stm32f3xx_hal_tim.c...
compiling stm32f3xx_hal_dma.c...
assembling startup_stm32f334x8.s...
compiling stm32f3xx_hal_msp.c...
compiling uc_can.cpp...
compiling stm32f3xx_hal_pwr.c...
compiling stm32f3xx_hal_rcc_ex.c...
compiling uc_bit_array_copy.cpp...
compiling uc_scalar_codec.cpp...
compiling uc_bit_stream.cpp...
compiling uc_float_spec.cpp...
compiling stm32f3xx_hal_rcc.c...
compiling uc_global_data_type_registry.cpp...
compiling uc_generic_subscriber.cpp...
compiling uc_generic_publisher.cpp...
compiling uc_scheduler.cpp...
compiling uc_service_client.cpp...
compiling uc_timer.cpp...
compiling gpio.c...
compiling uc_dynamic_node_id_client.cpp...
compiling uc_can_acceptance_filter_configurator.cpp...
compiling uc_can_io.cpp...
compiling uc_crc.cpp...
compiling uc_frame.cpp...
compiling uc_node_status_provider.cpp...
compiling uc_dispatcher.cpp...
compiling uc_transfer.cpp...
compiling uc_outgoing_transfer_registry.cpp...
compiling uc_transfer_buffer.cpp...
compiling uc_data_type.cpp...
compiling uc_transfer_receiver.cpp...
compiling uc_transfer_listener.cpp...
compiling uc_error.cpp...
compiling uc_dynamic_memory.cpp...
compiling uc_transfer_sender.cpp...
compiling freertos.cpp...
compiling system_stm32f3xx.c...
compiling acu_libuavcanSTM32.cpp...
compiling stm32f3xx_it.c...
compiling main.cpp...
compiling uc_stm32_thread.cpp...
compiling uc_stm32_can.cpp...
compiling uc_stm32_clock.cpp...
linking...
Program Size: Code=17356 RO-data=896 RW-data=284 ZI-data=5132  
"morus_fuel_sensor\morus_fuel_sensor.axf" - 0 Error(s), 0 Warning(s).

<h2>Software Packages used:</h2>

Package Vendor: ARM
                http://www.keil.com/pack/ARM.CMSIS.5.0.1.pack
                ARM::CMSIS:CORE:5.0.1
                CMSIS (Cortex Microcontroller Software Interface Standard)
   * Component: CORE Version: 5.0.1

<h2>Collection of Component include folders:</h2>
  .\RTE\_morus_fuel_sensor
  C:\Keil_v5\ARM\PACK\ARM\CMSIS\5.0.1\CMSIS\Include
  C:\Keil_v5\ARM\PACK\Keil\STM32F3xx_DFP\1.4.0\Device\Include

<h2>Collection of Component Files used:</h2>

   * Component: ARM::CMSIS:CORE:5.0.1
Build Time Elapsed:  00:00:30
</pre>
</body>
</html>
